// Jest Snapshot v1, https://goo.gl/fbAQLP

exports[`Settings On-Off Button Group can switch value 1`] = `
<div>
  <div
    class="btn-group"
    role="group"
  >
    <button
      class="btn btn-outline-secondary"
      data-testid="onOffButtonGroupOn"
      name="dark-mode"
      title="common.on"
      type="radio"
    >
      common.on
    </button>
    <button
      class="btn btn-secondary"
      data-testid="onOffButtonGroupOff"
      name="dark-mode"
      title="common.off"
      type="radio"
    >
      common.off
    </button>
  </div>
</div>
`;

exports[`Settings On-Off Button Group can switch value 2`] = `
<div>
  <div
    class="btn-group"
    role="group"
  >
    <button
      class="btn btn-secondary"
      data-testid="onOffButtonGroupOn"
      name="dark-mode"
      title="common.on"
      type="radio"
    >
      common.on
    </button>
    <button
      class="btn btn-outline-secondary"
      data-testid="onOffButtonGroupOff"
      name="dark-mode"
      title="common.off"
      type="radio"
    >
      common.off
    </button>
  </div>
</div>
`;
