// Jest Snapshot v1, https://goo.gl/fbAQLP

exports[`realtime connection alert will render correctly 1`] = `
<div>
  <div
    class="fade w-100 m-0 px-2 py-1 border-top-0 border-bottom-0 d-flex align-items-center alert alert-warning show"
    role="alert"
  >
    realtime.connecting
    BootstrapIconMock_ArrowRepeat
  </div>
</div>
`;
