// Jest Snapshot v1, https://goo.gl/fbAQLP

exports[`AliasesAddForm renders the input form 1`] = `
<div>
  <form>
    <div
      class="me-1 mb-1 input-group has-validation"
    >
      <input
        class="form-control"
        data-testid="addAliasInput"
        placeholder="editor.modal.aliases.addAlias"
        required=""
        value=""
      />
      <button
        class="text-secondary ms-2 btn btn-light"
        data-testid="addAliasButton"
        disabled=""
        title="editor.modal.aliases.addAlias"
        type="submit"
      >
        BootstrapIconMock_Plus
      </button>
    </div>
  </form>
</div>
`;
